// Jest Snapshot v1, https://goo.gl/fbAQLP

exports[`renders correctly 1`] = `
<View
  style={
    Object {
      "alignItems": "center",
      "backgroundColor": "white",
      "elevation": 4,
      "flex": 1,
      "margin": 10,
      "shadowColor": "#000",
      "shadowOffset": Object {
        "height": 2,
        "width": 0,
      },
      "shadowOpacity": 0.23,
      "shadowRadius": 2.62,
    }
  }
>
  <Text
    style={
      Object {
        "alignSelf": "stretch",
        "backgroundColor": "#2089DC",
        "color": "white",
        "fontSize": 22,
        "fontWeight": "bold",
        "textAlign": "center",
      }
    }
  >
    Reactions to Injury
  </Text>
  <View
    pointerEvents="box-none"
    style={
      Object {
        "borderBottomWidth": 0,
        "borderColor": "#2089DC",
        "borderTopWidth": 0,
        "borderWidth": 14,
        "height": 204,
        "marginBottom": -1,
        "maxHeight": 254,
        "overflow": "hidden",
        "width": "100%",
      }
    }
  >
    <ViewManagerAdapter_ExpoVideoView
      accessibilityHint="Video show what are stress reactions to injury"
      accessibilityLabel="Video show what are stress reactions to injury"
      accessible={true}
      proxiedProperties={
        Object {
          "onError": [Function],
          "onFullscreenUpdate": [Function],
          "onLoad": [Function],
          "onLoadStart": [Function],
          "onReadyForDisplay": [Function],
          "onStatusUpdate": [Function],
          "resizeMode": "mock",
          "source": Object {
            "headers": undefined,
            "overridingExtension": null,
            "uri": "uri",
          },
          "status": Object {
            "rate": 1,
            "shouldPlay": true,
            "volume": 1,
          },
          "useNativeControls": true,
        }
      }
      style={
        Object {
          "bottom": 0,
          "left": 0,
          "position": "absolute",
          "right": 0,
          "top": 0,
        }
      }
    />
  </View>
  <Text
    style={
      Object {
        "alignSelf": "stretch",
        "backgroundColor": "#2089DC",
        "borderBottomColor": "#2089DC",
        "borderBottomWidth": 2,
        "color": "white",
        "fontSize": 15,
        "paddingLeft": 15,
        "paddingRight": 15,
      }
    }
  >
    <Text
      style={
        Object {
          "fontWeight": "bold",
        }
      }
    >
      These reactions are expected.
    </Text>
     
    With a little time and extra support, most children feel better.
  </Text>
  <RCTScrollView>
    <View>
      <Text
        style={
          Object {
            "alignSelf": "center",
            "fontSize": 14,
            "paddingHorizontal": 5,
            "paddingVertical": 1,
          }
        }
      >
        One of the most important things you can do to help your child is to recognize your childâ€™s reactions to injury. Many reactions are normal and common; some are more worrisome.
      </Text>
      <Text
        style={
          Object {
            "alignSelf": "center",
            "fontSize": 14,
            "paddingHorizontal": 5,
            "paddingVertical": 1,
          }
        }
      >
        The first step in helping your child recover is to learn what reactions to look for and what you can do to help your child respond in a healthy way.
      </Text>
      <Text
        style={
          Object {
            "alignSelf": "stretch",
            "color": "#2089DC",
            "fontSize": 20,
            "fontWeight": "bold",
            "marginBottom": 8,
            "marginLeft": 5,
            "marginTop": 2,
            "textAlign": "left",
          }
        }
      >
        In the first few days after an injury, these are the common child trauma symptoms:
      </Text>
      <Text
        style={
          Object {
            "alignSelf": "stretch",
            "fontSize": 14,
            "fontWeight": "bold",
            "marginHorizontal": 18,
            "marginVertical": 1,
            "textAlign": "left",
          }
        }
      >
        - Nearly all children feel upset, jumpy, or worried at times.
      </Text>
      <Text
        style={
          Object {
            "alignSelf": "stretch",
            "fontSize": 14,
            "fontWeight": "bold",
            "marginHorizontal": 18,
            "marginVertical": 1,
            "textAlign": "left",
          }
        }
      >
        - Parents and other family members can have similar reactions.
      </Text>
      <Text
        style={
          Object {
            "alignSelf": "stretch",
            "fontSize": 14,
            "fontWeight": "bold",
            "marginHorizontal": 18,
            "marginVertical": 1,
            "textAlign": "left",
          }
        }
      >
        - Nearly everyone feels symptoms of stress; Headache, tense muscles, knots in your stomach, sweaty palms, and the feeling that life is a bit out of control.
      </Text>
      <Text
        style={
          Object {
            "alignSelf": "stretch",
            "fontSize": 14,
            "fontWeight": "bold",
            "marginHorizontal": 18,
            "marginVertical": 1,
            "textAlign": "left",
          }
        }
      >
        - Parents and children may argue more.
      </Text>
      <Text
        style={
          Object {
            "alignSelf": "stretch",
            "fontSize": 14,
            "fontWeight": "bold",
            "marginBottom": 6,
            "marginHorizontal": 18,
            "marginTop": 1,
            "textAlign": "left",
          }
        }
      >
        - Children may be more clingy or have trouble sleeping.
      </Text>
      <Text
        style={
          Object {
            "alignSelf": "stretch",
            "color": "#2089DC",
            "fontSize": 20,
            "fontWeight": "bold",
            "marginBottom": 8,
            "marginLeft": 5,
            "marginTop": 2,
            "textAlign": "left",
          }
        }
      >
        You may even notice some positive reactions to their injury:
      </Text>
      <Text
        style={
          Object {
            "alignSelf": "stretch",
            "fontSize": 14,
            "fontWeight": "bold",
            "marginHorizontal": 18,
            "marginVertical": 1,
            "textAlign": "left",
          }
        }
      >
        - Feeling thankful and relieved that nothing worse happened
      </Text>
      <Text
        style={
          Object {
            "alignSelf": "stretch",
            "fontSize": 14,
            "fontWeight": "bold",
            "marginBottom": 6,
            "marginHorizontal": 18,
            "marginTop": 1,
            "textAlign": "left",
          }
        }
      >
        - A resolve to do things more safely in the future
      </Text>
      <Text
        style={
          Object {
            "alignSelf": "center",
            "fontSize": 14,
            "paddingHorizontal": 5,
            "paddingVertical": 1,
          }
        }
      >
        When an accident or injury causes overwhelming feelings of fear, helplessness, and horror, it can lead to more than just everyday stress reactions. It can lead to
        <Text
          style={
            Object {
              "fontWeight": "bold",
            }
          }
        >
           
          traumatic stress.
        </Text>
      </Text>
    </View>
  </RCTScrollView>
</View>
`;
