// Jest Snapshot v1, https://goo.gl/fbAQLP

exports[`renders correctly 1`] = `
<View>
  <Text
    style={
      Object {
        "alignSelf": "stretch",
        "color": "#0077C8",
        "fontSize": 20,
        "fontWeight": "bold",
        "marginBottom": 3,
        "marginTop": 6,
        "textAlign": "left",
      }
    }
  >
    "I find myself worrying a lot that something else bad will happen - or worry a lot about my child being safe."
  </Text>
  <Text
    style={
      Object {
        "fontSize": 14,
        "fontWeight": "bold",
        "marginLeft": 10,
        "marginVertical": 2,
        "textAlign": "left",
      }
    }
  >
    Why it happens:
  </Text>
  <Text
    style={
      Object {
        "fontSize": 14,
        "marginVertical": 2,
        "textAlign": "left",
      }
    }
  >
    Being on the lookout for danger makes sense after something scary has happened. It's how we learn to keep ourselves safe from things that are truly dangerous.
  </Text>
  <Text
    style={
      Object {
        "fontSize": 14,
        "fontWeight": "bold",
        "marginLeft": 10,
        "marginVertical": 2,
        "textAlign": "left",
      }
    }
  >
    Is this a problem?:
  </Text>
  <Text
    style={
      Object {
        "fontSize": 14,
        "marginVertical": 2,
        "textAlign": "left",
      }
    }
  >
    Do you feel this way so strongly, or so much of the time that it is getting in the way of you getting back to normal activities? Does your worry make it harder for you to help your child get back into normal activities?
  </Text>
  <Text
    style={
      Object {
        "alignSelf": "stretch",
        "color": "#0077C8",
        "fontSize": 20,
        "fontWeight": "bold",
        "marginBottom": 3,
        "marginTop": 6,
        "textAlign": "left",
      }
    }
  >
    "I have noticed myself being over-protective of my child since the injury."
  </Text>
  <Text
    style={
      Object {
        "fontSize": 14,
        "fontWeight": "bold",
        "marginLeft": 10,
        "marginVertical": 2,
        "textAlign": "left",
      }
    }
  >
    Why it happens:
  </Text>
  <Text
    style={
      Object {
        "fontSize": 14,
        "marginVertical": 2,
        "textAlign": "left",
      }
    }
  >
    All parents want to keep their children safe. An injury can be a harsh reminder that we can't protect our children from every danger 100% of the time. It's normal to feel like tightening up the controls afterwards, and some things may make sense (e.g. paying more attention to safety rules).
  </Text>
  <Text
    style={
      Object {
        "fontSize": 14,
        "fontWeight": "bold",
        "marginLeft": 10,
        "marginVertical": 2,
        "textAlign": "left",
      }
    }
  >
    Is this a problem?:
  </Text>
  <Text
    style={
      Object {
        "fontSize": 14,
        "marginVertical": 2,
        "textAlign": "left",
      }
    }
  >
    Do you feel this way so strongly, or so much of the time, that you can't let your child get back to normal activities appropriate for their age?
  </Text>
  <Text
    style={
      Object {
        "alignSelf": "stretch",
        "color": "#0077C8",
        "fontSize": 20,
        "fontWeight": "bold",
        "marginBottom": 3,
        "marginTop": 6,
        "textAlign": "left",
      }
    }
  >
    "I startle more easily." (e.g., jump at a sudden noise)
  </Text>
  <Text
    style={
      Object {
        "fontSize": 14,
        "fontWeight": "bold",
        "marginLeft": 10,
        "marginVertical": 2,
        "textAlign": "left",
      }
    }
  >
    Why it happens:
  </Text>
  <Text
    style={
      Object {
        "fontSize": 14,
        "marginVertical": 2,
        "textAlign": "left",
      }
    }
  >
    A frightening experience can trigger an exaggerated physical startle response that takes some time to go away.
  </Text>
  <Text
    style={
      Object {
        "fontSize": 14,
        "fontWeight": "bold",
        "marginLeft": 10,
        "marginVertical": 2,
        "textAlign": "left",
      }
    }
  >
    Is this a problem?:
  </Text>
  <Text
    style={
      Object {
        "fontSize": 14,
        "marginVertical": 2,
        "textAlign": "left",
      }
    }
  >
    Are you so jumpy that it's really hard to relax? Is it affecting your sleep or ability to concentrate?
  </Text>
  <Text
    style={
      Object {
        "alignSelf": "stretch",
        "color": "#0077C8",
        "fontSize": 20,
        "fontWeight": "bold",
        "marginBottom": 3,
        "marginTop": 6,
        "textAlign": "left",
      }
    }
  >
    "I have been irritable or get angry more easily than before."
  </Text>
  <Text
    style={
      Object {
        "fontSize": 14,
        "fontWeight": "bold",
        "marginLeft": 10,
        "marginVertical": 2,
        "textAlign": "left",
      }
    }
  >
    Why it happens:
  </Text>
  <Text
    style={
      Object {
        "fontSize": 14,
        "marginVertical": 2,
        "textAlign": "left",
      }
    }
  >
    Stress and fatigue can lead to feeling irritable. And if you're feeling jumpy or nervous it may be harder to deal with frustrations.
  </Text>
  <Text
    style={
      Object {
        "fontSize": 14,
        "fontWeight": "bold",
        "marginLeft": 10,
        "marginVertical": 2,
        "textAlign": "left",
      }
    }
  >
    Is this a problem?:
  </Text>
  <Text
    style={
      Object {
        "fontSize": 14,
        "marginVertical": 2,
        "textAlign": "left",
      }
    }
  >
    Is irritability making it hard for you to get along with family or friends? Is this a big change in how you usually deal with stress or frustrations?
  </Text>
  <Text
    style={
      Object {
        "alignSelf": "stretch",
        "color": "#0077C8",
        "fontSize": 20,
        "fontWeight": "bold",
        "marginBottom": 3,
        "marginTop": 6,
        "textAlign": "left",
      }
    }
  >
    "I have trouble concentrating."
  </Text>
  <Text
    style={
      Object {
        "fontSize": 14,
        "fontWeight": "bold",
        "marginLeft": 10,
        "marginVertical": 2,
        "textAlign": "left",
      }
    }
  >
    Why it happens:
  </Text>
  <Text
    style={
      Object {
        "fontSize": 14,
        "marginVertical": 2,
        "textAlign": "left",
      }
    }
  >
    When we are under a lot of stress, feel really jumpy or on guard, or have distressing thoughts popping into mind, it can be hard to pay attention at times.
  </Text>
  <Text
    style={
      Object {
        "fontSize": 14,
        "fontWeight": "bold",
        "marginLeft": 10,
        "marginVertical": 2,
        "textAlign": "left",
      }
    }
  >
    Is this a problem?:
  </Text>
  <Text
    style={
      Object {
        "fontSize": 14,
        "marginVertical": 2,
        "textAlign": "left",
      }
    }
  >
    Is difficulty concentrating getting in the way of being able to do your work, make decisions, or take care of your family?
  </Text>
  <Text
    style={
      Object {
        "alignSelf": "stretch",
        "color": "#0077C8",
        "fontSize": 20,
        "fontWeight": "bold",
        "marginBottom": 3,
        "marginTop": 6,
        "textAlign": "left",
      }
    }
  >
    "I have had trouble sleeping."
  </Text>
  <Text
    style={
      Object {
        "fontSize": 14,
        "fontWeight": "bold",
        "marginLeft": 10,
        "marginVertical": 2,
        "textAlign": "left",
      }
    }
  >
    Why it happens:
  </Text>
  <Text
    style={
      Object {
        "fontSize": 14,
        "marginVertical": 2,
        "textAlign": "left",
      }
    }
  >
    Sleep problems can be a temporary reaction to disruptions in your life. Feeling jumpy or on guard, or having lots of worried thoughts running through your mind, can make it hard to relax into sleep.
  </Text>
  <Text
    style={
      Object {
        "fontSize": 14,
        "fontWeight": "bold",
        "marginLeft": 10,
        "marginVertical": 2,
        "textAlign": "left",
      }
    }
  >
    Is this a problem?:
  </Text>
  <Text
    style={
      Object {
        "fontSize": 14,
        "marginVertical": 2,
        "textAlign": "left",
      }
    }
  >
    Are you having a hard time falling asleep or staying asleep many nights? Is this interfering with feeling rested and able to function well during the day?
  </Text>
</View>
`;
